user@DESKTOP-QVSS2OV MINGW64 ~/desktop/lakshana/git (substraction)
$ git branch signup

user@DESKTOP-QVSS2OV MINGW64 ~/desktop/lakshana/git (substraction)
$ git checkout master
Switched to branch 'master'

user@DESKTOP-QVSS2OV MINGW64 ~/desktop/lakshana/git (master)
$ git branch signup
fatal: a branch named 'signup' already exists

user@DESKTOP-QVSS2OV MINGW64 ~/desktop/lakshana/git (master)
$ git branch sigup

user@DESKTOP-QVSS2OV MINGW64 ~/desktop/lakshana/git (master)
$ git branch
  addition
* master
  signup
  sigup
  substraction

user@DESKTOP-QVSS2OV MINGW64 ~/desktop/lakshana/git (master)
$ git checkout sigup
Switched to branch 'sigup'

user@DESKTOP-QVSS2OV MINGW64 ~/desktop/lakshana/git (sigup)
$ notepad sigup.txt

user@DESKTOP-QVSS2OV MINGW64 ~/desktop/lakshana/git (sigup)
$ git status
On branch sigup
Untracked files:
  (use "git add <file>..." to include in what will be committed)
        sigup.txt

nothing added to commit but untracked files present (use "git add" to track)

user@DESKTOP-QVSS2OV MINGW64 ~/desktop/lakshana/git (sigup)
$ git add sigup.txt

user@DESKTOP-QVSS2OV MINGW64 ~/desktop/lakshana/git (sigup)
$ git status
On branch sigup
Changes to be committed:
  (use "git restore --staged <file>..." to unstage)
        new file:   sigup.txt


user@DESKTOP-QVSS2OV MINGW64 ~/desktop/lakshana/git (sigup)
$ git commit -m "sigup"
[sigup 3c6762d] sigup
 1 file changed, 28 insertions(+)
 create mode 100644 sigup.txt

user@DESKTOP-QVSS2OV MINGW64 ~/desktop/lakshana/git (sigup)
$ git log
commit 3c6762d051d5e0d1ec51009df644604417868fdd (HEAD -> sigup)
Author: manuhsareddy <manuhsa11reddy@gmail.com>
Date:   Mon Aug 22 08:27:47 2022 +0530

    sigup

commit bfd68f79f4fdd136cef80c1fe3f145b34eeb2ea3 (origin/master, master)
Author: manuhsareddy <manuhsa11reddy@gmail.com>
Date:   Mon Aug 22 07:43:09 2022 +0530

    creted

user@DESKTOP-QVSS2OV MINGW64 ~/desktop/lakshana/git (sigup)
$ git log --onelie
fatal: unrecognized argument: --onelie

user@DESKTOP-QVSS2OV MINGW64 ~/desktop/lakshana/git (sigup)
$ git log --oneline
3c6762d (HEAD -> sigup) sigup
bfd68f7 (origin/master, master) creted

user@DESKTOP-QVSS2OV MINGW64 ~/desktop/lakshana/git (sigup)
$ git log
commit 3c6762d051d5e0d1ec51009df644604417868fdd (HEAD -> sigup)
Author: manuhsareddy <manuhsa11reddy@gmail.com>
Date:   Mon Aug 22 08:27:47 2022 +0530

    sigup

commit bfd68f79f4fdd136cef80c1fe3f145b34eeb2ea3 (origin/master, master)
Author: manuhsareddy <manuhsa11reddy@gmail.com>
Date:   Mon Aug 22 07:43:09 2022 +0530

    creted

user@DESKTOP-QVSS2OV MINGW64 ~/desktop/lakshana/git (sigup)
$ git push origin sigup
Enumerating objects: 4, done.
Counting objects: 100% (4/4), done.
Delta compression using up to 4 threads
Compressing objects: 100% (3/3), done.
Writing objects: 100% (3/3), 488 bytes | 488.00 KiB/s, done.
Total 3 (delta 0), reused 0 (delta 0), pack-reused 0
remote:
remote: Create a pull request for 'sigup' on GitHub by visiting:
remote:      https://github.com/BManusha/git/pull/new/sigup
remote:
To https://github.com/BManusha/git.git
 * [new branch]      sigup -> sigup

user@DESKTOP-QVSS2OV MINGW64 ~/desktop/lakshana/git (sigup)
$ git checkout master
Switched to branch 'master'

