user@DESKTOP-QVSS2OV MINGW64 ~/desktop/lakshana/git (master)
$ git branch login

user@DESKTOP-QVSS2OV MINGW64 ~/desktop/lakshana/git (master)
$ git checkout login
Switched to branch 'login'

user@DESKTOP-QVSS2OV MINGW64 ~/desktop/lakshana/git (login)
$ notepad login.txt

user@DESKTOP-QVSS2OV MINGW64 ~/desktop/lakshana/git (login)
$ git add login.txt

user@DESKTOP-QVSS2OV MINGW64 ~/desktop/lakshana/git (login)
$ git status
On branch login
Changes to be committed:
  (use "git restore --staged <file>..." to unstage)
        new file:   login.txt


user@DESKTOP-QVSS2OV MINGW64 ~/desktop/lakshana/git (login)
$ git commit -m "login"
[login 912aae2] login
 1 file changed, 111 insertions(+)
 create mode 100644 login.txt

user@DESKTOP-QVSS2OV MINGW64 ~/desktop/lakshana/git (login)
$ git status
On branch login
nothing to commit, working tree clean

user@DESKTOP-QVSS2OV MINGW64 ~/desktop/lakshana/git (login)
$ git push origin login
Enumerating objects: 4, done.
Counting objects: 100% (4/4), done.
Delta compression using up to 4 threads
Compressing objects: 100% (3/3), done.
Writing objects: 100% (3/3), 1.13 KiB | 1.13 MiB/s, done.
Total 3 (delta 0), reused 0 (delta 0), pack-reused 0
remote:
remote: Create a pull request for 'login' on GitHub by visiting:
remote:      https://github.com/BManusha/git/pull/new/login
remote:
To https://github.com/BManusha/git.git
 * [new branch]      login -> login

user@DESKTOP-QVSS2OV MINGW64 ~/desktop/lakshana/git (login)
$ git status
On branch login
nothing to commit, working tree clean

user@DESKTOP-QVSS2OV MINGW64 ~/desktop/lakshana/git (login)
$ git log
commit 912aae25131df618f767c5afecd91f421991a235 (HEAD -> login, origin/login)
Author: manuhsareddy <manuhsa11reddy@gmail.com>
Date:   Mon Aug 22 08:31:50 2022 +0530

    login

commit bfd68f79f4fdd136cef80c1fe3f145b34eeb2ea3 (origin/master, master)
Author: manuhsareddy <manuhsa11reddy@gmail.com>
Date:   Mon Aug 22 07:43:09 2022 +0530

    creted
